// Jest Snapshot v1, https://goo.gl/fbAQLP

exports[`GoodDeed component renders Matches snapshot DOM node structure 1`] = `
<DocumentFragment>
  <div
    class="goodDeed"
  >
    <div
      class="rounded-lg mt-2 shadow-lg bg-white	 w-full flex flex-row flex-wrap p-3 antialiased"
    >
      <div
        class="md:w-2/3 w-full px-3 flex flex-row flex-wrap"
      >
        <div
          class="w-full text-gray-700 font-semibold relative pt-3 md:pt-0"
        >
          <div
            class="flex flex-row text-2xl text-amber-500 leading-tight pb-1"
          >
             //! get good deed title Good Deed Name
          </div>
          <div
            class="text-sm text-amber-500 md:absolute pt-3 md:pt-0 top-0 right-0"
          >
            //!we need to be able to add this to the users total on verification Kindly Points: 
            <b>
              +5
            </b>
          </div>
          <div
            class="text-normal hover:text-cyan-700 cursor-pointer text-cyan-900 pb-4"
          >
            //! get good deed host
            <span
              class="pb-1"
            >
              User Host
            </span>
          </div>
          <div
            class="text-normal text-cyan-900 pb-1"
          >
            <span
              class=""
            >
              //! get good deed description
              <b>
                Description:
              </b>
               lorem fdjasfkldsjafkldsjafl fdjsalfkjdsalf dasfjdklsafjdklsaf 
            </span>
          </div>
          <div
            class="text-normal text-cyan-900 pb-1"
          >
            <span
              class=""
            >
              //! get good deed location
              <b>
                Location:
              </b>
              Tolland, CT
            </span>
          </div>
          <div
            class="text-normal text-cyan-900 pb-1"
          >
            <span
              class=""
            >
              //! get good deed dateTime
              <b>
                Date:
              </b>
               04/22/2122
            </span>
          </div>
          <div
            class="text-normal text-cyan-900 pb-1"
          >
            <span
              class=""
            >
              <b>
                Time:
              </b>
               1pm-3pm
            </span>
          </div>
          <div
            class="text-sm text-amber-500 md:absolute pt-3 md:pt-0 bottom-0 right-0"
          >
            <button
              class="bg-cyan-700  hover:bg-orange-300 text-white font-bold py-2 px-4 rounded mt-1"
            >
              Be Kind //! need to add helper after signup
            </button>
          </div>
        </div>
      </div>
    </div>
  </div>
</DocumentFragment>
`;
